// Jest Snapshot v1, https://goo.gl/fbAQLP

exports[`renders a snapshot 1`] = `
<div
  className="card"
>
  <div
    className="card"
    style={
      Object {
        "width": "30rem",
      }
    }
  >
    <img
      className="card-img-top"
      src="https://encrypted-tbn0.gstatic.com/images?q=tbn:ANd9GcQMNWvjIrRrWuNFRKRse29rnGanWWwqrISo8A&usqp=CAU"
    />
    <div
      className="card-body"
    >
      <div
        className="card-title h5"
      >
        AaronThomas24
      </div>
      <p
        className="card-text"
      >
        Hello my name is Aaron Thomas. I am currently studying software devolopment at Csu Long Beach.
      </p>
      <button
        className="btn btn-primary"
        disabled={false}
        type="button"
      >
        Go somewhere
      </button>
    </div>
  </div>
</div>
`;
